aquir@DESKTOP-IGB3VFD MINGW64 ~/Documents/IronHack/datamex0120/module-1 (master)
$ cd lab-bash

aquir@DESKTOP-IGB3VFD MINGW64 ~/Documents/IronHack/datamex0120/module-1/lab-bash (master)
$ echo "Hello World"
Hello World

aquir@DESKTOP-IGB3VFD MINGW64 ~/Documents/IronHack/datamex0120/module-1/lab-bash (master)
$ ls
exercices/  inputs/  lorem/  lorem-copy/  outputs/  README.md

aquir@DESKTOP-IGB3VFD MINGW64 ~/Documents/IronHack/datamex0120/module-1/lab-bash (master)
$ mkdir new_directory

aquir@DESKTOP-IGB3VFD MINGW64 ~/Documents/IronHack/datamex0120/module-1/lab-bash (master)
$ ls
exercices/  inputs/  lorem/  lorem-copy/  new_directory/  outputs/  README.md

aquir@DESKTOP-IGB3VFD MINGW64 ~/Documents/IronHack/datamex0120/module-1/lab-bash (master)
$ rmdir new_directory

aquir@DESKTOP-IGB3VFD MINGW64 ~/Documents/IronHack/datamex0120/module-1/lab-bash (master)
$ ls
exercices/  inputs/  lorem/  lorem-copy/  outputs/  README.md

aquir@DESKTOP-IGB3VFD MINGW64 ~/Documents/IronHack/datamex0120/module-1/lab-bash/lorem (master)
$ cp lorem.txt /c/Users/aquir/Documents/IronHack/datamex0120/module-1/lab-bash/lorem-copy

aquir@DESKTOP-IGB3VFD MINGW64 ~/Documents/IronHack/datamex0120/module-1/lab-bash/lorem-copy (master)
$ ls
at.txt  lorem.txt  sed.txt

aquir@DESKTOP-IGB3VFD MINGW64 ~/Documents/IronHack/datamex0120/module-1/lab-bash/lorem-copy (master)
$ cat sed.txt
Sed ut perspiciatis unde omnis iste natus error sit voluptatem accusantium doloremque laudantium,
totam rem aperiam, eaque ipsa quae ab illo inventore veritatis et quasi architecto beatae vitae dicta sunt explicabo.
Nemo enim ipsam voluptatem quia voluptas sit aspernatur aut odit aut fugit,
sed quia consequuntur magni dolores eos qui ratione voluptatem sequi nesciunt.
Neque porro quisquam est, qui dolorem ipsum quia dolor sit amet, consectetur, adipisci velit,
sed quia non numquam eius modi tempora incidunt ut labore et dolore magnam aliquam quaerat voluptatem.
Ut enim ad minima veniam, quis nostrum exercitationem ullam corporis suscipit laboriosam,
nisi ut aliquid ex ea commodi consequatur? Quis autem vel eum iure reprehenderit qui in ea voluptate velit esse quam nihil molestiae consequatur,
vel illum qui dolorem eum fugiat quo voluptas nulla pariatur?

aquir@DESKTOP-IGB3VFD MINGW64 ~/Documents/IronHack/datamex0120/module-1/lab-bash/lorem-copy (master)
$ cat at.txt | cat lorem.txt
Lorem ipsum dolor sit amet, consectetur adipiscing elit, sed do eiusmod tempor incididunt ut labore et dolore magna aliqua.
Ut enim ad minim veniam, quis nostrud exercitation ullamco laboris nisi ut aliquip ex ea commodo consequat.
Duis aute irure dolor in reprehenderit in voluptate velit esse cillum dolore eu fugiat nulla pariatur.
Excepteur sint occaecat cupidatat non proident, sunt in culpa qui officia deserunt mollit anim id est laborum.

aquir@DESKTOP-IGB3VFD MINGW64 ~/Documents/IronHack/datamex0120/module-1/lab-bash/lorem-copy (master)
$ head -3 sed.txt
Sed ut perspiciatis unde omnis iste natus error sit voluptatem accusantium doloremque laudantium,
totam rem aperiam, eaque ipsa quae ab illo inventore veritatis et quasi architecto beatae vitae dicta sunt explicabo.
Nemo enim ipsam voluptatem quia voluptas sit aspernatur aut odit aut fugit,

aquir@DESKTOP-IGB3VFD MINGW64 ~/Documents/IronHack/datamex0120/module-1/lab-bash/lorem-copy (master)
$ tail -2 sed.txt
nisi ut aliquid ex ea commodi consequatur? Quis autem vel eum iure reprehenderit qui in ea voluptate velit esse quam nihil molestiae consequatur,
vel illum qui dolorem eum fugiat quo voluptas nulla pariatur?

aquir@DESKTOP-IGB3VFD MINGW64 ~/Documents/IronHack/datamex0120/module-1/lab-bash/lorem-copy (master)
$ echo "Homo homini lupus." >> sed.txt

aquir@DESKTOP-IGB3VFD MINGW64 ~/Documents/IronHack/datamex0120/module-1/lab-bash/lorem-copy (master)
$ tail -2 sed.txt
nisi ut aliquid ex ea commodi consequatur? Quis autem vel eum iure reprehenderit qui in ea voluptate velit esse quam nihil molestiae consequatur,
vel illum qui dolorem eum fugiat quo voluptas nulla pariatur?Homo homini lupus.

aquir@DESKTOP-IGB3VFD MINGW64 ~/Documents/IronHack/datamex0120/module-1/lab-bash/lorem-copy (master)
$ sed -i 's/at/nET/g' at.txt

aquir@DESKTOP-IGB3VFD MINGW64 ~/Documents/IronHack/datamex0120/module-1/lab-bash/lorem-copy (master)
$ compgen -u
Administradores
Administradores
aquir
NT SERVICE+TrustedInstaller
Servicio de red
SERVICIO LOCAL
SYSTEM
SYSTEM

aquir@DESKTOP-IGB3VFD MINGW64 ~/Documents/IronHack/datamex0120/module-1/lab-bash/lorem-copy (master)
$ pwd
/c/Users/aquir/Documents/IronHack/datamex0120/module-1/lab-bash/lorem-copy

aquir@DESKTOP-IGB3VFD MINGW64 ~/Documents/IronHack/datamex0120/module-1/lab-bash/lorem-copy (master)
$ ls *.txt
at.txt  lorem.txt  sed.txt

aquir@DESKTOP-IGB3VFD MINGW64 ~/Documents/IronHack/datamex0120/module-1/lab-bash/lorem-copy (master)
$ wc -l sed.txt
9 sed.txt

aquir@DESKTOP-IGB3VFD MINGW64 ~/Documents/IronHack/datamex0120/module-1/lab-bash/lorem-copy (master)
$ ls -l lorem* | wc -l
1

aquir@DESKTOP-IGB3VFD MINGW64 ~/Documents/IronHack/datamex0120/module-1/lab-bash/lorem (master)
$ grep -o -i et at.txt | wc -l
11

aquir@DESKTOP-IGB3VFD MINGW64 ~/Documents/IronHack/datamex0120/module-1/lab-bash/lorem-copy (master)
$ grep -o -i et *.txt | wc -l
28

